// Jest Snapshot v1, https://goo.gl/fbAQLP

exports[`app/hub/Views/SetupViews/SetupAntiSuiteView component More Snapshot tests with react-test-renderer, but for edge cases edge case where features is an empty array 1`] = `
<div
  className="row align-center"
>
  <div
    className="columns"
  />
</div>
`;

exports[`app/hub/Views/SetupViews/SetupAntiSuiteView component Snapshot tests with react-test-renderer setup anti-suite view is rendered correctly 1`] = `
<div
  className="row align-center"
>
  <div
    className="columns"
  >
    <div
      className="row align-center-middle"
    >
      <div
        className="columns shrink"
      >
        <div
          className="test-feature-1 active"
        />
      </div>
      <div
        className="columns shrink"
        onClick={[Function]}
      >
        <div>
          true
        </div>
      </div>
      <div
        className="columns small-12 large-8"
      >
        <h4
          className="display-inline"
        >
          Test Feature One
        </h4>
        <h6
          className="display-inline"
        >
          Enabled
        </h6>
        <div>
          The first test feature
        </div>
      </div>
    </div>
    <div
      className="row align-center-middle"
    >
      <div
        className="columns shrink"
      >
        <div
          className="test-feature-2"
        />
      </div>
      <div
        className="columns shrink"
        onClick={[Function]}
      >
        <div>
          false
        </div>
      </div>
      <div
        className="columns small-12 large-8"
      >
        <h4
          className="display-inline"
        >
          Test Feature Two
        </h4>
        <div>
          The second test feature
        </div>
      </div>
    </div>
  </div>
</div>
`;
